keymaps 0,1,2,3,128,129


###############
#  LEFT HAND  #
###############

#                      Normal         Shift         AltGr         AltGr+Shift   CtrlR         CtrlR+Shift

keycode    1      =    VoidSymbol
keycode    59     =    F1             F1
control alt keycode  59 = Console_1
keycode    60     =    F2             F2
control alt keycode  60 = Console_2
keycode    61     =    F3             F3
control alt keycode  61 = Console_3
keycode    62     =    F4             F4
control alt keycode  62 = Console_4
keycode    63     =    F5             F5
control alt keycode  63 = Console_5
keycode    64     =    F6             F6
control alt keycode  64 = Console_6
keycode    65     =    F7             F7
control alt keycode  65 = Console_7
keycode    66     =    F8             F8
control alt keycode  66 = Console_8
keycode    67     =    F9             F9
control alt keycode  67 = Console_9
keycode    68     =    F10            F10
control alt keycode  68 = Console_10
keycode    87     =    F11            F11
control alt keycode  87 = Console_11
keycode    88     =    F12            F12
control alt keycode  88 = Console_12
keycode    99     =    VoidSymbol
keycode    110    =    VoidSymbol
keycode    111    =    VoidSymbol

keycode    41     =    semicolon      semicolon     semicolon     semicolon
keycode    2      =    grave          grave         grave         grave
keycode    3      =    braceleft      braceleft     braceleft     braceleft
keycode    4      =    bracketleft    bracketleft   bracketleft   bracketleft
keycode    5      =    parenleft      parenleft     parenleft     parenleft
keycode    6      =    less           less          less          less

keycode    15     =    minus          minus         minus         minus
keycode    16     =    apostrophe     apostrophe    apostrophe    apostrophe    Remove        Remove
keycode    17     =    comma          comma         comma         comma
keycode    18     =    period         period        period        period
keycode    19     =    p              P             asterisk      asterisk
control keycode 19 = Control_p
control shift keycode 19 = Control_p
keycode    20     =    y              Y             asciicircum   asciicircum
control keycode 20 = Control_y
control shift keycode 20 = Control_y

keycode    58     =    Escape         Escape        Escape        Escape        Escape        Escape
keycode    30     =    a              A             plus          plus          aring         Aring
control keycode 30 = Control_a
control shift keycode 30 = Control_a
keycode    31     =    o              O             Left          Left          adiaeresis    Adiaeresis
control keycode 31 = Control_o
control shift keycode 31 = Control_o
keycode    32     =    e              E             Up            Up            PageUp        PageUp
control keycode 32 = Control_e
control shift keycode 32 = Control_e
keycode    33     =    u              U             Right         Right         odiaeresis    Odiaeresis
control keycode 33 = Control_u
control shift keycode 33 = Control_u
keycode    34     =    i              I             equal         equal         Home          Home
control keycode 34 = Control_i
control shift keycode 34 = Control_i

keycode    42     =    Delete         Delete        Delete        Delete         Delete        Delete
keycode    86     =    quotedbl       quotedbl      quotedbl      quotedbl
keycode    44     =    q              Q             backslash     backslash      ae            AE
control keycode 44 = Control_q
control shift keycode 44 = Control_q
keycode    45     =    j              J             Down          Down           PageDown      PageDown
control keycode 45 = Control_j
control shift keycode 45 = Control_j
keycode    46     =    k              K             slash         slash          oslash        Ooblique
control keycode 46 = Control_k
control shift keycode 46 = Control_k
keycode    47     =    x              X             percent       percent        End           End
control keycode 47 = Control_x
control shift keycode 47 = Control_x
keycode    48     =    CtrlR

keycode    29     =    VoidSymbol
keycode    125    =    VoidSymbol
keycode    56     =    AltGr
keycode    57     =    space          space         space         space          space         space

################
#  RIGHT HAND  #
################

keycode    7      =    VoidSymbol
keycode    8      =    greater        greater       greater       greater
keycode    9      =    parenright     parenright    parenright    parenright
keycode    10     =    bracketright   bracketright  bracketright  bracketright
keycode    11     =    braceright     braceright    braceright    braceright
keycode    12     =    numbersign     numbersign    numbersign    numbersign
keycode    13     =    colon          colon         colon         colon
keycode    14     =    VoidSymbol

keycode    21     =    f              F             asciitilde    asciitilde
control keycode 21 = Control_f
control shift keycode 21 = Control_f
keycode    22     =    g              G             7             7             F7            F7
control keycode 22 = Control_g
control shift keycode 22 = Control_g
keycode    23     =    c              C             8             8             F8            F8
control keycode 23 = Control_c
control shift keycode 23 = Control_c
keycode    24     =    r              R             9             9             F9            F9
control keycode 24 = Control_r
control shift keycode 24 = Control_r
keycode    25     =    l              L             ampersand     ampersand     F12           F12
control keycode 25 = Control_l
control shift keycode 25 = Control_l
keycode    26     =    underscore     underscore    underscore    underscore
keycode    27     =    question       question      question      question
keycode    28     =    VoidSymbol

keycode    35     =    d              D             dollar        dollar
control keycode 35 = Control_d
control shift keycode 35 = Control_d
keycode    36     =    h              H             4             4             F4            F4
control keycode 36 = Control_h
control shift keycode 36 = Control_h
keycode    37     =    t              T             5             5             F5            F5
control keycode 37 = Control_t
control shift keycode 37 = Control_t
keycode    38     =    n              N             6             6             F6            F6
control keycode 38 = Control_n
control shift keycode 38 = Control_n
keycode    39     =    s              S             0             0             F10           F10
control keycode 39 = Control_s
control shift keycode 39 = Control_s
keycode    40     =    Tab            Tab           Tab           Tab           Tab           Tab
keycode    43     =    exclam         exclam        exclam        exclam

keycode    49     =    b              B             at            at
control keycode 49 = Control_b
control shift keycode 49 = Control_b
keycode    50     =    m              M             1             1             F1            F1
control keycode 50 = Control_m
control shift keycode 50 = Control_m
keycode    51     =    w              W             2             2             F2            F2
control keycode 51 = Control_w
control shift keycode 51 = Control_w
keycode    52     =    v              V             3             3             F3            F3
control keycode 52 = Control_v
control shift keycode 52 = Control_v
keycode    53     =    z              Z             bar           bar           F11           F11
control keycode 53 = Control_z
control shift keycode 53 = Control_z
keycode    54     =    Return         Return        Return        Return        Return        Return

keycode    100    =    Shift
keycode    97     =    Control
keycode    104    =    Alt
keycode    103    =    VoidSymbol
keycode    109    =    VoidSymbol

keycode    105    =    Alt
keycode    108    =    VoidSymbol
keycode    106    =    VoidSymbol


############
#  OTHERS  #
############

keycode 55 = VoidSymbol
keycode 69 = VoidSymbol
keycode 70 = VoidSymbol
keycode 71 = VoidSymbol
keycode 72 = VoidSymbol
keycode 73 = VoidSymbol
keycode 74 = VoidSymbol
keycode 75 = VoidSymbol
keycode 76 = VoidSymbol
keycode 77 = VoidSymbol
keycode 78 = VoidSymbol
keycode 79 = VoidSymbol
keycode 80 = VoidSymbol
keycode 81 = VoidSymbol
keycode 82 = VoidSymbol
keycode 83 = VoidSymbol
keycode 84 = VoidSymbol
keycode 85 = VoidSymbol
keycode 89 = VoidSymbol
keycode 90 = VoidSymbol
keycode 91 = VoidSymbol
keycode 92 = VoidSymbol
keycode 93 = VoidSymbol
keycode 94 = VoidSymbol
keycode 95 = VoidSymbol
keycode 96 = VoidSymbol
keycode 98 = VoidSymbol
keycode 101 = VoidSymbol
keycode 102 = VoidSymbol
keycode 107 = VoidSymbol
keycode 112 = VoidSymbol
keycode 113 = VoidSymbol
keycode 114 = VoidSymbol
keycode 115 = VoidSymbol
keycode 116 = VoidSymbol
keycode 117 = VoidSymbol
keycode 118 = VoidSymbol
keycode 119 = VoidSymbol
keycode 120 = VoidSymbol
keycode 121 = VoidSymbol
keycode 122 = VoidSymbol
keycode 123 = VoidSymbol
keycode 124 = VoidSymbol
keycode 126 = VoidSymbol
keycode 127 = VoidSymbol
keycode 128 = VoidSymbol
keycode 129 = VoidSymbol
keycode 130 = VoidSymbol
keycode 131 = VoidSymbol
keycode 132 = VoidSymbol
keycode 133 = VoidSymbol
keycode 134 = VoidSymbol
keycode 135 = VoidSymbol
keycode 136 = VoidSymbol
keycode 137 = VoidSymbol
keycode 138 = VoidSymbol
keycode 139 = VoidSymbol
keycode 140 = VoidSymbol
keycode 141 = VoidSymbol
keycode 142 = VoidSymbol
keycode 143 = VoidSymbol
keycode 144 = VoidSymbol
keycode 145 = VoidSymbol
keycode 146 = VoidSymbol
keycode 147 = VoidSymbol
keycode 148 = VoidSymbol
keycode 149 = VoidSymbol
keycode 150 = VoidSymbol
keycode 151 = VoidSymbol
keycode 152 = VoidSymbol
keycode 153 = VoidSymbol
keycode 154 = VoidSymbol
keycode 155 = VoidSymbol
keycode 156 = VoidSymbol
keycode 157 = VoidSymbol
keycode 158 = VoidSymbol
keycode 159 = VoidSymbol
keycode 160 = VoidSymbol
keycode 161 = VoidSymbol
keycode 162 = VoidSymbol
keycode 163 = VoidSymbol
keycode 164 = VoidSymbol
keycode 165 = VoidSymbol
keycode 166 = VoidSymbol
keycode 167 = VoidSymbol
keycode 168 = VoidSymbol
keycode 169 = VoidSymbol
keycode 170 = VoidSymbol
keycode 171 = VoidSymbol
keycode 172 = VoidSymbol
keycode 173 = VoidSymbol
keycode 174 = VoidSymbol
keycode 175 = VoidSymbol
keycode 176 = VoidSymbol
keycode 177 = VoidSymbol
keycode 178 = VoidSymbol
keycode 179 = VoidSymbol
keycode 180 = VoidSymbol
keycode 181 = VoidSymbol
keycode 182 = VoidSymbol
keycode 183 = VoidSymbol
keycode 184 = VoidSymbol
keycode 185 = VoidSymbol
keycode 186 = VoidSymbol
keycode 187 = VoidSymbol
keycode 188 = VoidSymbol
keycode 189 = VoidSymbol
keycode 190 = VoidSymbol
keycode 191 = VoidSymbol
keycode 192 = VoidSymbol
keycode 193 = VoidSymbol
keycode 194 = VoidSymbol
keycode 195 = VoidSymbol
keycode 196 = VoidSymbol
keycode 197 = VoidSymbol
keycode 198 = VoidSymbol
keycode 199 = VoidSymbol
keycode 200 = VoidSymbol
keycode 201 = VoidSymbol
keycode 202 = VoidSymbol
keycode 203 = VoidSymbol
keycode 204 = VoidSymbol
keycode 205 = VoidSymbol
keycode 206 = VoidSymbol
keycode 207 = VoidSymbol
keycode 208 = VoidSymbol
keycode 209 = VoidSymbol
keycode 210 = VoidSymbol
keycode 211 = VoidSymbol
keycode 212 = VoidSymbol
keycode 213 = VoidSymbol
keycode 214 = VoidSymbol
keycode 215 = VoidSymbol
keycode 216 = VoidSymbol
keycode 217 = VoidSymbol
keycode 218 = VoidSymbol
keycode 219 = VoidSymbol
keycode 220 = VoidSymbol
keycode 221 = VoidSymbol
keycode 222 = VoidSymbol
keycode 223 = VoidSymbol
keycode 224 = VoidSymbol
keycode 225 = VoidSymbol
keycode 226 = VoidSymbol
keycode 227 = VoidSymbol
keycode 228 = VoidSymbol
keycode 229 = VoidSymbol
keycode 230 = VoidSymbol
keycode 231 = VoidSymbol
keycode 232 = VoidSymbol
keycode 233 = VoidSymbol
keycode 234 = VoidSymbol
keycode 235 = VoidSymbol
keycode 236 = VoidSymbol
keycode 237 = VoidSymbol
keycode 238 = VoidSymbol
keycode 239 = VoidSymbol
keycode 240 = VoidSymbol
keycode 241 = VoidSymbol
keycode 242 = VoidSymbol
keycode 243 = VoidSymbol
keycode 244 = VoidSymbol
keycode 245 = VoidSymbol
keycode 246 = VoidSymbol
keycode 247 = VoidSymbol
keycode 248 = VoidSymbol
keycode 249 = VoidSymbol
keycode 250 = VoidSymbol
keycode 251 = VoidSymbol
keycode 252 = VoidSymbol
keycode 253 = VoidSymbol
keycode 254 = VoidSymbol
keycode 255 = VoidSymbol
